[    0.000000] Linux version 4.15.0-212-generic (buildd@lcy02-amd64-083) (gcc version 7.5.0 (Ubuntu 7.5.0-3ubuntu1~18.04)) #223-Ubuntu SMP Tue May 23 13:09:22 UTC 2023 (Ubuntu 4.15.0-212.223-generic 4.15.18)
[    0.000000] Command line: BOOT_IMAGE=/boot/vmlinuz-4.15.0-212-generic root=LABEL=cloudimg-rootfs ro console=tty1 console=ttyS0
[    0.000000] KERNEL supported cpus:
[    0.000000]   Intel GenuineIntel
[    0.000000]   AMD AuthenticAMD
[    0.000000]   Centaur CentaurHauls
[    0.000000] x86/fpu: Supporting XSAVE feature 0x001: 'x87 floating point registers'
[    0.000000] x86/fpu: Supporting XSAVE feature 0x002: 'SSE registers'
[    0.000000] x86/fpu: Enabled xstate features 0x3, context size is 576 bytes, using 'standard' format.
[    0.000000] e820: BIOS-provided physical RAM map:
[    0.000000] BIOS-e820: [mem 0x0000000000000000-0x000000000009fbff] usable
[    0.000000] BIOS-e820: [mem 0x000000000009fc00-0x000000000009ffff] reserved
[    0.000000] BIOS-e820: [mem 0x00000000000f0000-0x00000000000fffff] reserved
[    0.000000] BIOS-e820: [mem 0x0000000000100000-0x000000003ffeffff] usable
[    0.000000] BIOS-e820: [mem 0x000000003fff0000-0x000000003fffffff] ACPI data
[    0.000000] BIOS-e820: [mem 0x00000000fec00000-0x00000000fec00fff] reserved
[    0.000000] BIOS-e820: [mem 0x00000000fee00000-0x00000000fee00fff] reserved
[    0.000000] BIOS-e820: [mem 0x00000000fffc0000-0x00000000ffffffff] reserved
[    0.000000] NX (Execute Disable) protection: active
[    0.000000] SMBIOS 2.5 present.
[    0.000000] DMI: innotek GmbH VirtualBox/VirtualBox, BIOS VirtualBox 12/01/2006
[    0.000000] Hypervisor detected: KVM
[    0.000000] e820: last_pfn = 0x3fff0 max_arch_pfn = 0x400000000
[    0.000000] x86/PAT: Configuration [0-7]: WB  WC  UC- UC  WB  WP  UC- WT  
[    0.000000] found SMP MP-table at [mem 0x0009fbf0-0x0009fbff]
[    0.000000] Scanning 1 areas for low memory corruption
[    0.000000] RAMDISK: [mem 0x359cb000-0x36cdcfff]
[    0.000000] ACPI: Early table checksum verification disabled
[    0.000000] ACPI: RSDP 0x00000000000E0000 000024 (v02 VBOX  )
[    0.000000] ACPI: XSDT 0x000000003FFF0030 00003C (v01 VBOX   VBOXXSDT 00000001 ASL  00000061)
[    0.000000] ACPI: FACP 0x000000003FFF00F0 0000F4 (v04 VBOX   VBOXFACP 00000001 ASL  00000061)
[    0.000000] ACPI: DSDT 0x000000003FFF0610 002353 (v02 VBOX   VBOXBIOS 00000002 INTL 20250404)
[    0.000000] ACPI: FACS 0x000000003FFF0200 000040
[    0.000000] ACPI: FACS 0x000000003FFF0200 000040
[    0.000000] ACPI: APIC 0x000000003FFF0240 00005C (v02 VBOX   VBOXAPIC 00000001 ASL  00000061)
[    0.000000] ACPI: SSDT 0x000000003FFF02A0 00036C (v01 VBOX   VBOXCPUT 00000002 INTL 20250404)
[    0.000000] ACPI: Reserving FACP table memory at [mem 0x3fff00f0-0x3fff01e3]
[    0.000000] ACPI: Reserving DSDT table memory at [mem 0x3fff0610-0x3fff2962]
[    0.000000] ACPI: Reserving FACS table memory at [mem 0x3fff0200-0x3fff023f]
[    0.000000] ACPI: Reserving FACS table memory at [mem 0x3fff0200-0x3fff023f]
[    0.000000] ACPI: Reserving APIC table memory at [mem 0x3fff0240-0x3fff029b]
[    0.000000] ACPI: Reserving SSDT table memory at [mem 0x3fff02a0-0x3fff060b]
[    0.000000] No NUMA configuration found
[    0.000000] Faking a node at [mem 0x0000000000000000-0x000000003ffeffff]
[    0.000000] NODE_DATA(0) allocated [mem 0x3ffc5000-0x3ffeffff]
[    0.000000] kvm-clock: cpu 0, msr 0:3ff44001, primary cpu clock
[    0.000000] kvm-clock: Using msrs 4b564d01 and 4b564d00
[    0.000000] kvm-clock: using sched offset of 3041391490 cycles
[    0.000000] clocksource: kvm-clock: mask: 0xffffffffffffffff max_cycles: 0x1cd42e4dffb, max_idle_ns: 881590591483 ns
[    0.000000] Zone ranges:
[    0.000000]   DMA      [mem 0x0000000000001000-0x0000000000ffffff]
[    0.000000]   DMA32    [mem 0x0000000001000000-0x000000003ffeffff]
[    0.000000]   Normal   empty
[    0.000000]   Device   empty
[    0.000000] Movable zone start for each node
[    0.000000] Early memory node ranges
[    0.000000]   node   0: [mem 0x0000000000001000-0x000000000009efff]
[    0.000000]   node   0: [mem 0x0000000000100000-0x000000003ffeffff]
[    0.000000] Reserved but unavailable: 104 pages
[    0.000000] Initmem setup node 0 [mem 0x0000000000001000-0x000000003ffeffff]
[    0.000000] ACPI: PM-Timer IO Port: 0x4008
[    0.000000] IOAPIC[0]: apic_id 2, version 32, address 0xfec00000, GSI 0-23
[    0.000000] ACPI: INT_SRC_OVR (bus 0 bus_irq 0 global_irq 2 dfl dfl)
[    0.000000] ACPI: INT_SRC_OVR (bus 0 bus_irq 9 global_irq 9 low level)
[    0.000000] Using ACPI (MADT) for SMP configuration information
[    0.000000] smpboot: Allowing 2 CPUs, 0 hotplug CPUs
[    0.000000] PM: Registered nosave memory: [mem 0x00000000-0x00000fff]
[    0.000000] PM: Registered nosave memory: [mem 0x0009f000-0x0009ffff]
[    0.000000] PM: Registered nosave memory: [mem 0x000a0000-0x000effff]
[    0.000000] PM: Registered nosave memory: [mem 0x000f0000-0x000fffff]
[    0.000000] e820: [mem 0x40000000-0xfebfffff] available for PCI devices
[    0.000000] Booting paravirtualized kernel on KVM
[    0.000000] clocksource: refined-jiffies: mask: 0xffffffff max_cycles: 0xffffffff, max_idle_ns: 7645519600211568 ns
[    0.000000] setup_percpu: NR_CPUS:8192 nr_cpumask_bits:2 nr_cpu_ids:2 nr_node_ids:1
[    0.000000] percpu: Embedded 50 pages/cpu s167936 r8192 d28672 u1048576
[    0.000000] PV qspinlock hash table entries: 256 (order: 0, 4096 bytes)
[    0.000000] Built 1 zonelists, mobility grouping on.  Total pages: 257913
[    0.000000] Policy zone: DMA32
[    0.000000] Kernel command line: BOOT_IMAGE=/boot/vmlinuz-4.15.0-212-generic root=LABEL=cloudimg-rootfs ro console=tty1 console=ttyS0
[    0.000000] Memory: 982644K/1048120K available (12300K kernel code, 2477K rwdata, 4324K rodata, 2480K init, 2720K bss, 65476K reserved, 0K cma-reserved)
[    0.000000] SLUB: HWalign=64, Order=0-3, MinObjects=0, CPUs=2, Nodes=1
[    0.000000] Kernel/User page tables isolation: enabled
[    0.000000] ftrace: allocating 39508 entries in 155 pages
[    0.004000] Hierarchical RCU implementation.
[    0.004000] 	RCU restricting CPUs from NR_CPUS=8192 to nr_cpu_ids=2.
[    0.004000] 	Tasks RCU enabled.
[    0.004000] RCU: Adjusting geometry for rcu_fanout_leaf=16, nr_cpu_ids=2
[    0.004000] NR_IRQS: 524544, nr_irqs: 440, preallocated irqs: 16
[    0.004000] random: crng init done
[    0.004000] Console: colour VGA+ 80x25
[    0.004000] console [tty1] enabled
[    0.004000] console [ttyS0] enabled
[    0.004000] ACPI: Core revision 20170831
[    0.004000] ACPI: 2 ACPI AML tables successfully acquired and loaded
[    0.004000] APIC: Switch to symmetric I/O mode setup
[    0.004000] x2apic enabled
[    0.004000] Switched APIC routing to physical x2apic.
[    0.004000] ..TIMER: vector=0x30 apic1=0 pin1=2 apic2=-1 pin2=-1
[    0.004007] tsc: Detected 1996.799 MHz processor
[    0.008015] Calibrating delay loop (skipped) preset value.. 3993.59 BogoMIPS (lpj=7987196)
[    0.009766] pid_max: default: 32768 minimum: 301
[    0.010823] Security Framework initialized
[    0.012003] Yama: becoming mindful.
[    0.012831] AppArmor: AppArmor initialized
[    0.014513] Dentry cache hash table entries: 131072 (order: 8, 1048576 bytes)
[    0.016087] Inode-cache hash table entries: 65536 (order: 7, 524288 bytes)
[    0.017554] Mount-cache hash table entries: 2048 (order: 2, 16384 bytes)
[    0.018979] Mountpoint-cache hash table entries: 2048 (order: 2, 16384 bytes)
[    0.020437] Last level iTLB entries: 4KB 0, 2MB 0, 4MB 0
[    0.021717] Last level dTLB entries: 4KB 0, 2MB 0, 4MB 0, 1GB 0
[    0.024013] Spectre V1 : Mitigation: usercopy/swapgs barriers and __user pointer sanitization
[    0.026206] Spectre V2 : Mitigation: Retpolines
[    0.028008] Spectre V2 : Spectre v2 / SpectreRSB mitigation: Filling RSB on context switch
[    0.029945] Spectre V2 : Spectre v2 / SpectreRSB : Filling RSB on VMEXIT
[    0.032005] Speculative Store Bypass: Vulnerable
[    0.033171] MDS: Mitigation: Clear CPU buffers
[    0.034160] MMIO Stale Data: Mitigation: Clear CPU buffers
[    0.035456] SRBDS: Unknown: Dependent on hypervisor status
[    0.036213] Freeing SMP alternatives memory: 36K
[    0.148511] smpboot: CPU0: Intel(R) Celeron(R) N5095 @ 2.00GHz (family: 0x6, model: 0x9c, stepping: 0x0)
[    0.151895] Performance Events: unsupported p6 CPU model 156 no PMU driver, software events only.
[    0.156076] Hierarchical SRCU implementation.
[    0.157726] NMI watchdog: Perf event create on CPU 0 failed with -2
[    0.159178] NMI watchdog: Perf NMI watchdog permanently disabled
[    0.160101] smp: Bringing up secondary CPUs ...
[    0.162135] x86: Booting SMP configuration:
[    0.164011] .... node  #0, CPUs:      #1
[    0.004000] kvm-clock: cpu 1, msr 0:3ff44041, secondary cpu clock
[    0.168034] smp: Brought up 1 node, 2 CPUs
[    0.169057] smpboot: Max logical packages: 1
[    0.172007] smpboot: Total of 2 processors activated (7987.19 BogoMIPS)
[    0.173916] devtmpfs: initialized
[    0.173916] x86/mm: Memory block size: 128MB
[    0.174018] evm: security.selinux
[    0.176005] evm: security.SMACK64
[    0.176791] evm: security.SMACK64EXEC
[    0.178094] evm: security.SMACK64TRANSMUTE
[    0.179033] evm: security.SMACK64MMAP
[    0.180008] evm: security.apparmor
[    0.180865] evm: security.ima
[    0.181663] evm: security.capability
[    0.182692] clocksource: jiffies: mask: 0xffffffff max_cycles: 0xffffffff, max_idle_ns: 7645041785100000 ns
[    0.184051] futex hash table entries: 512 (order: 3, 32768 bytes)
[    0.186236] pinctrl core: initialized pinctrl subsystem
[    0.188966] RTC time:  5:32:06, date: 07/03/25
[    0.192276] NET: Registered protocol family 16
[    0.193842] audit: initializing netlink subsys (disabled)
[    0.195621] audit: type=2000 audit(1751520730.618:1): state=initialized audit_enabled=0 res=1
[    0.196146] cpuidle: using governor ladder
[    0.200023] cpuidle: using governor menu
[    0.201407] ACPI: bus type PCI registered
[    0.202718] acpiphp: ACPI Hot Plug PCI Controller Driver version: 0.5
[    0.204191] PCI: Using configuration type 1 for base access
[    0.208428] HugeTLB registered 2.00 MiB page size, pre-allocated 0 pages
[    0.209563] ACPI: Added _OSI(Module Device)
[    0.209563] ACPI: Added _OSI(Processor Device)
[    0.212005] ACPI: Added _OSI(3.0 _SCP Extensions)
[    0.213064] ACPI: Added _OSI(Processor Aggregator Device)
[    0.214253] ACPI: Added _OSI(Linux-Dell-Video)
[    0.215262] ACPI: Added _OSI(Linux-Lenovo-NV-HDMI-Audio)
[    0.216003] ACPI: Added _OSI(Linux-HPI-Hybrid-Graphics)
[    0.217517] ACPI: Executed 1 blocks of module-level executable AML code
[    0.223598] ACPI: Interpreter enabled
[    0.224023] ACPI: (supports S0 S5)
[    0.224863] ACPI: Using IOAPIC for interrupt routing
[    0.226336] PCI: Using host bridge windows from ACPI; if necessary, use "pci=nocrs" and report a bug
[    0.228224] ACPI: Enabled 2 GPEs in block 00 to 07
[    0.237944] ACPI: PCI Root Bridge [PCI0] (domain 0000 [bus 00-ff])
[    0.239394] acpi PNP0A03:00: _OSC: OS supports [ASPM ClockPM Segments MSI]
[    0.240634] acpi PNP0A03:00: _OSC: not requesting OS control; OS requires [ExtendedConfig ASPM ClockPM MSI]
[    0.244023] acpi PNP0A03:00: fail to add MMCONFIG information, can't access extended PCI configuration space under this bridge.
[    0.247022] PCI host bridge to bus 0000:00
[    0.248008] pci_bus 0000:00: root bus resource [io  0x0000-0x0cf7 window]
[    0.249506] pci_bus 0000:00: root bus resource [io  0x0d00-0xffff window]
[    0.251078] pci_bus 0000:00: root bus resource [mem 0x000a0000-0x000bffff window]
[    0.252007] pci_bus 0000:00: root bus resource [mem 0x40000000-0xfdffffff window]
[    0.253754] pci_bus 0000:00: root bus resource [bus 00-ff]
[    0.258279] pci 0000:00:01.1: legacy IDE quirk: reg 0x10: [io  0x01f0-0x01f7]
[    0.260004] pci 0000:00:01.1: legacy IDE quirk: reg 0x14: [io  0x03f6]
[    0.261416] pci 0000:00:01.1: legacy IDE quirk: reg 0x18: [io  0x0170-0x0177]
[    0.262933] pci 0000:00:01.1: legacy IDE quirk: reg 0x1c: [io  0x0376]
[    0.288072] pci 0000:00:07.0: quirk: [io  0x4000-0x403f] claimed by PIIX4 ACPI
[    0.292032] pci 0000:00:07.0: quirk: [io  0x4100-0x410f] claimed by PIIX4 SMB
[    0.304893] ACPI: PCI Interrupt Link [LNKA] (IRQs 5 9 10 *11)
[    0.306702] ACPI: PCI Interrupt Link [LNKB] (IRQs 5 9 *10 11)
[    0.308160] ACPI: PCI Interrupt Link [LNKC] (IRQs 5 *9 10 11)
[    0.309629] ACPI: PCI Interrupt Link [LNKD] (IRQs 5 9 10 *11)
[    0.311603] SCSI subsystem initialized
[    0.312089] pci 0000:00:02.0: vgaarb: setting as boot VGA device
[    0.313384] pci 0000:00:02.0: vgaarb: VGA device added: decodes=io+mem,owns=io+mem,locks=none
[    0.316023] pci 0000:00:02.0: vgaarb: bridge control possible
[    0.317350] vgaarb: loaded
[    0.318120] ACPI: bus type USB registered
[    0.320038] usbcore: registered new interface driver usbfs
[    0.321528] usbcore: registered new interface driver hub
[    0.322811] usbcore: registered new device driver usb
[    0.324000] EDAC MC: Ver: 3.0.0
[    0.324325] PCI: Using ACPI for IRQ routing
[    0.325417] NetLabel: Initializing
[    0.326306] NetLabel:  domain hash size = 128
[    0.328011] NetLabel:  protocols = UNLABELED CIPSOv4 CALIPSO
[    0.329419] NetLabel:  unlabeled traffic allowed by default
[    0.330792] clocksource: Switched to clocksource kvm-clock
[    0.333374] VFS: Disk quotas dquot_6.6.0
[    0.333374] VFS: Dquot-cache hash table entries: 512 (order 0, 4096 bytes)
[    0.333374] AppArmor: AppArmor Filesystem Enabled
[    0.333374] pnp: PnP ACPI init
[    0.333374] pnp: PnP ACPI: found 3 devices
[    0.365613] clocksource: acpi_pm: mask: 0xffffff max_cycles: 0xffffff, max_idle_ns: 2085701024 ns
[    0.368694] NET: Registered protocol family 2
[    0.368694] IP idents hash table entries: 16384 (order: 5, 131072 bytes)
[    0.372799] TCP established hash table entries: 8192 (order: 4, 65536 bytes)
[    0.374387] TCP bind hash table entries: 8192 (order: 5, 131072 bytes)
[    0.375872] TCP: Hash tables configured (established 8192 bind 8192)
[    0.377352] UDP hash table entries: 512 (order: 2, 16384 bytes)
[    0.378738] UDP-Lite hash table entries: 512 (order: 2, 16384 bytes)
[    0.380190] NET: Registered protocol family 1
[    0.381213] pci 0000:00:00.0: Limiting direct PCI/PCI transfers
[    0.381280] pci 0000:00:01.0: Activating ISA DMA hang workarounds
[    0.381280] pci 0000:00:02.0: Video device with shadowed ROM at [mem 0x000c0000-0x000dffff]
[    0.381280] Unpacking initramfs...
[    0.381280] Freeing initrd memory: 19528K
[    0.381280] clocksource: tsc: mask: 0xffffffffffffffff max_cycles: 0x3990bc5adef, max_idle_ns: 881590438240 ns
[    0.381280] platform rtc_cmos: registered platform RTC device (no PNP device found)
[    0.381280] Scanning for low memory corruption every 60 seconds
[    0.705595] Initialise system trusted keyrings
[    0.706642] Key type blacklist registered
[    0.707602] workingset: timestamp_bits=36 max_order=18 bucket_order=0
[    0.710050] zbud: loaded
[    0.711260] squashfs: version 4.0 (2009/01/31) Phillip Lougher
[    0.712975] fuse init (API version 7.26)
[    0.715859] Key type asymmetric registered
[    0.716857] Asymmetric key parser 'x509' registered
[    0.717984] Block layer SCSI generic (bsg) driver version 0.4 loaded (major 246)
[    0.719654] io scheduler noop registered
[    0.720604] io scheduler deadline registered
[    0.721661] io scheduler cfq registered (default)
[    0.723092] ACPI: AC Adapter [AC] (off-line)
[    0.724195] input: Power Button as /devices/LNXSYSTM:00/LNXPWRBN:00/input/input0
[    0.725877] ACPI: Power Button [PWRF]
[    0.726798] input: Sleep Button as /devices/LNXSYSTM:00/LNXSLPBN:00/input/input1
[    0.728512] ACPI: Sleep Button [SLPF]
[    0.730532] ACPI: Battery Slot [BAT0] (battery present)
[    0.731884] Serial: 8250/16550 driver, 32 ports, IRQ sharing enabled
[    0.754605] 00:02: ttyS0 at I/O 0x3f8 (irq = 4, base_baud = 115200) is a 16550A
[    0.758939] Linux agpgart interface v0.103
[    0.762159] loop: module loaded
[    0.763683] scsi host0: ata_piix
[    0.764643] scsi host1: ata_piix
[    0.765463] ata1: PATA max UDMA/33 cmd 0x1f0 ctl 0x3f6 bmdma 0xd000 irq 14
[    0.766938] ata2: PATA max UDMA/33 cmd 0x170 ctl 0x376 bmdma 0xd008 irq 15
[    0.768568] tun: Universal TUN/TAP device driver, 1.6
[    0.769820] PPP generic driver version 2.4.2
[    0.770906] ehci_hcd: USB 2.0 'Enhanced' Host Controller (EHCI) Driver
[    0.772314] ehci-pci: EHCI PCI platform driver
[    0.773366] ehci-platform: EHCI generic platform driver
[    0.774541] ohci_hcd: USB 1.1 'Open' Host Controller (OHCI) Driver
[    0.775880] ohci-pci: OHCI PCI platform driver
[    0.776916] ohci-platform: OHCI generic platform driver
[    0.778083] uhci_hcd: USB Universal Host Controller Interface driver
[    0.779513] i8042: PNP: PS/2 Controller [PNP0303:PS2K,PNP0f03:PS2M] at 0x60,0x64 irq 1,12
[    0.781945] serio: i8042 KBD port at 0x60,0x64 irq 1
[    0.783082] serio: i8042 AUX port at 0x60,0x64 irq 12
[    0.784609] mousedev: PS/2 mouse device common for all mice
[    0.786978] rtc_cmos rtc_cmos: rtc core: registered rtc_cmos as rtc0
[    0.788584] input: AT Translated Set 2 keyboard as /devices/platform/i8042/serio0/input/input2
[    0.790787] rtc_cmos rtc_cmos: alarms up to one day, 114 bytes nvram
[    0.792207] i2c /dev entries driver
[    0.793109] device-mapper: uevent: version 1.0.3
[    0.794271] device-mapper: ioctl: 4.37.0-ioctl (2017-09-20) initialised: dm-devel@redhat.com
[    0.796169] ledtrig-cpu: registered to indicate activity on CPUs
[    0.797946] NET: Registered protocol family 10
[    0.804610] Segment Routing with IPv6
[    0.805546] NET: Registered protocol family 17
[    0.806660] Key type dns_resolver registered
[    0.807862] mce: Using 0 MCE banks
[    0.808769] RAS: Correctable Errors collector initialized.
[    0.810020] sched_clock: Marking stable (808739937, 0)->(989924981, -181185044)
[    0.812150] registered taskstats version 1
[    0.813121] Loading compiled-in X.509 certificates
[    0.817589] Loaded X.509 cert 'Build time autogenerated kernel key: b5b26778eaa3ab3a4a6cee031137706e947d12ad'
[    0.820607] Loaded X.509 cert 'Canonical Ltd. Live Patch Signing: 14df34d1a87cf37625abec039ef2bf521249b969'
[    0.823489] Loaded X.509 cert 'Canonical Ltd. Kernel Module Signing: 88f752e560a1e0737e31163a466ad7b70a850c19'
[    0.825693] blacklist: Loading compiled-in revocation X.509 certificates
[    0.827158] Loaded X.509 cert 'Canonical Ltd. Secure Boot Signing: 61482aa2830d0ab2ad5af10b7250da9033ddcef0'
[    0.829293] Loaded X.509 cert 'Canonical Ltd. Secure Boot Signing (2017): 242ade75ac4a15e50d50c84b0d45ff3eae707a03'
[    0.831524] Loaded X.509 cert 'Canonical Ltd. Secure Boot Signing (ESM 2018): 365188c1d374d6b07c3c8f240f8ef722433d6a8b'
[    0.833852] Loaded X.509 cert 'Canonical Ltd. Secure Boot Signing (2019): c0746fd6c5da3ae827864651ad66ae47fe24b3e8'
[    0.836175] Loaded X.509 cert 'Canonical Ltd. Secure Boot Signing (2021 v1): a8d54bbb3825cfb94fa13c9f8a594a195c107b8d'
[    0.838456] Loaded X.509 cert 'Canonical Ltd. Secure Boot Signing (2021 v2): 4cf046892d6fd3c9a5b03f98d845f90851dc6a8c'
[    0.840751] Loaded X.509 cert 'Canonical Ltd. Secure Boot Signing (2021 v3): 100437bb6de6e469b581e61cd66bce3ef4ed53af'
[    0.843032] Loaded X.509 cert 'Canonical Ltd. Secure Boot Signing (Ubuntu Core 2019): c1d57b8f6b743f23ee41f4f7ee292f06eecadfb9'
[    0.845504] zswap: loaded using pool lzo/zbud
[    0.851532] Key type big_key registered
[    0.852505] Key type trusted registered
[    0.855872] Key type encrypted registered
[    0.856859] AppArmor: AppArmor sha1 policy hashing enabled
[    0.858083] ima: No TPM chip found, activating TPM-bypass! (rc=-19)
[    0.859466] ima: Allocated hash algorithm: sha1
[    0.860521] evm: HMAC attrs: 0x1
[    0.861581]   Magic number: 1:237:516
[    0.862633] rtc_cmos rtc_cmos: setting system clock to 2025-07-03 05:32:07 UTC (1751520727)
[    0.864605] BIOS EDD facility v0.16 2004-Jun-25, 0 devices found
[    0.865920] EDD information not available.
[    0.974790] Freeing unused kernel image memory: 2480K
[    0.988489] Write protecting the kernel read-only data: 20480k
[    0.993595] Freeing unused kernel image memory: 2008K
[    0.995558] Freeing unused kernel image memory: 1820K
[    1.003168] x86/mm: Checked W+X mappings: passed, no W+X pages found.
[    1.004724] x86/mm: Checking user space page tables
[    1.012097] x86/mm: Checked W+X mappings: passed, no W+X pages found.
Loading, please wait...
starting version 237
[    1.140792] e1000: Intel(R) PRO/1000 Network Driver - version 7.3.21-k8-NAPI
[    1.142666] e1000: Copyright (c) 1999-2006 Intel Corporation.
[    1.144178] Fusion MPT base driver 3.04.20
[    1.145179] Copyright (c) 1999-2008 LSI Corporation
[    1.173727] Fusion MPT SPI Host driver 3.04.20
[    1.187567] SSE version of gcm_enc/dec engaged.
[    1.359495] input: ImExPS/2 Generic Explorer Mouse as /devices/platform/i8042/serio1/input/input4
[    1.542123] e1000 0000:00:03.0 eth0: (PCI:33MHz:32-bit) 02:3b:7b:b7:3b:2d
[    1.543689] e1000 0000:00:03.0 eth0: Intel(R) PRO/1000 Network Connection
[    1.546602] mptbase: ioc0: Initiating bringup
[    1.546957] e1000 0000:00:03.0 enp0s3: renamed from eth0
[    1.661349] ioc0: LSI53C1030 A0: Capabilities={Initiator}
[    1.913456] scsi host2: ioc0: LSI53C1030 A0, FwRev=00000000h, Ports=1, MaxQ=256, IRQ=20
[    2.085431] scsi 2:0:0:0: Direct-Access     VBOX     HARDDISK         1.0  PQ: 0 ANSI: 5
[    2.120678] scsi target2:0:0: Beginning Domain Validation
[    2.129184] scsi target2:0:0: Domain Validation skipping write tests
[    2.135914] scsi target2:0:0: Ending Domain Validation
[    2.140916] scsi target2:0:0: asynchronous
[    2.148296] scsi 2:0:1:0: Direct-Access     VBOX     HARDDISK         1.0  PQ: 0 ANSI: 5
[    2.765300] scsi target2:0:1: Beginning Domain Validation
[    2.774680] scsi target2:0:1: Domain Validation skipping write tests
[    2.778955] scsi target2:0:1: Ending Domain Validation
[    2.780157] scsi target2:0:1: asynchronous
[    2.785304] sd 2:0:0:0: Attached scsi generic sg0 type 0
[    2.787043] sd 2:0:0:0: [sda] 83886080 512-byte logical blocks: (42.9 GB/40.0 GiB)
[    2.789191] sd 2:0:1:0: Attached scsi generic sg1 type 0
[    2.789200] sd 2:0:0:0: [sda] Write Protect is off
[    2.792397] sd 2:0:1:0: [sdb] 20480 512-byte logical blocks: (10.5 MB/10.0 MiB)
[    2.794080] sd 2:0:0:0: [sda] Incomplete mode parameter data
[    2.795394] sd 2:0:0:0: [sda] Assuming drive cache: write through
[    2.796770] sd 2:0:1:0: [sdb] Write Protect is off
[    2.798005] sd 2:0:1:0: [sdb] Incomplete mode parameter data
[    2.799272] sd 2:0:1:0: [sdb] Assuming drive cache: write through
[    2.801790]  sda: sda1
[    2.803095] sd 2:0:1:0: [sdb] Attached SCSI disk
[    2.803605] sd 2:0:0:0: [sda] Attached SCSI disk
Begin: Loading essential drivers ... [    4.596233] raid6: sse2x1   gen()  8504 MB/s
[    4.644588] raid6: sse2x1   xor()  5601 MB/s
[    4.700023] raid6: sse2x2   gen() 12565 MB/s
[    4.754485] raid6: sse2x2   xor()  7119 MB/s
[    4.805029] raid6: sse2x4   gen()  9960 MB/s
[    4.864257] raid6: sse2x4   xor()  7736 MB/s
[    4.865422] raid6: using algorithm sse2x2 gen() 12565 MB/s
[    4.866664] raid6: .... xor() 7119 MB/s, rmw enabled
[    4.867811] raid6: using ssse3x2 recovery algorithm
[    4.871014] xor: measuring software checksum speed
[    4.912032]    prefetch64-sse: 11772.000 MB/sec
[    4.952044]    generic_sse: 11076.000 MB/sec
[    4.953093] xor: using function: prefetch64-sse (11772.000 MB/sec)
[    4.955874] async_tx: api initialized (async)
done.
Begin: Running /scripts/init-premount ... done.
Begin: Mounting root file system ... Begin: Running /scripts/local-top ... done.
Begin: Running /scripts/local-premount ... [    5.016415] Btrfs loaded, crc32c=crc32c-intel
Scanning for Btrfs filesystems
done.
Warning: fsck not present, so skipping root file system
[    5.048936] EXT4-fs (sda1): mounted filesystem with ordered data mode. Opts: (null)
done.
Begin: Running /scripts/local-bottom ... done.
Begin: Running /scripts/init-bottom ... done.
[    5.256609] ip_tables: (C) 2000-2006 Netfilter Core Team
[    5.267451] systemd[1]: systemd 237 running in system mode. (+PAM +AUDIT +SELINUX +IMA +APPARMOR +SMACK +SYSVINIT +UTMP +LIBCRYPTSETUP +GCRYPT +GNUTLS +ACL +XZ +LZ4 +SECCOMP +BLKID +ELFUTILS +KMOD -IDN2 +IDN -PCRE2 default-hierarchy=hybrid)
[    5.271979] systemd[1]: Detected virtualization oracle.
[    5.273157] systemd[1]: Detected architecture x86-64.

Welcome to [1mUbuntu 18.04.6 LTS[0m!

[    5.279852] systemd[1]: Set hostname to <ubuntu>.
[    5.282456] systemd[1]: Initializing machine ID from random generator.
[    5.283975] systemd[1]: Installed transient /etc/machine-id file.
[    5.536695] systemd[1]: Reached target User and Group Name Lookups.
[[0;32m  OK  [0m] Reached target User and Group Name Lookups.
[    5.540111] systemd[1]: Set up automount Arbitrary Executable File Formats File System Automount Point.
[[0;32m  OK  [0m] Set up automount Arbitrary Executabâ€¦rmats File System Automount Point.
[    5.543861] systemd[1]: Reached target Swap.
[[0;32m  OK  [0m] Reached target Swap.
[    5.545861] systemd[1]: Started Forward Password Requests to Wall Directory Watch.
[[0;32m  OK  [0m] Started Forward Password Requests to Wall Directory Watch.
[[0;32m  OK  [0m] Reached target System Time Synchronized.
[[0;32m  OK  [0m] Created slice System Slice.
[[0;32m  OK  [0m] Listening on Device-mapper event daemon FIFOs.
[[0;32m  OK  [0m] Listening on /dev/initctl Compatibility Named Pipe.
[[0;32m  OK  [0m] Listening on Network Service Netlink Socket.
[[0;32m  OK  [0m] Listening on udev Kernel Socket.
[[0;32m  OK  [0m] Listening on LVM2 poll daemon socket.
[[0;32m  OK  [0m] Listening on Syslog Socket.
[[0;32m  OK  [0m] Listening on LVM2 metadata daemon socket.
[[0;32m  OK  [0m] Listening on udev Control Socket.
[[0;32m  OK  [0m] Created slice User and Session Slice.
[[0;32m  OK  [0m] Reached target Slices.
[[0;32m  OK  [0m] Listening on Journal Socket (/dev/log).
[[0;32m  OK  [0m] Listening on fsck to fsckd communication Socket.
[[0;32m  OK  [0m] Listening on Journal Audit Socket.
[[0;32m  OK  [0m] Listening on Journal Socket.
         Mounting Kernel Debug File System...
         Mounting POSIX Message Queue File System...
         Starting udev Coldplug all Devices...
         Starting File System Check on Root Device...
         Starting Monitoring of LVM2 mirrorsâ€¦ng dmeventd or progress polling...
         Starting Load Kernel Modules...
         Starting Create list of required stâ€¦ce nodes for the current kernel...
         Starting Set the console keyboard layout...
         Starting Uncomplicated firewall...
[    5.638917] Loading iSCSI transport class v2.0-870.
[    5.645984] iscsi: registered transport (tcp)
[    5.663073] iscsi: registered transport (iser)
[[0;32m  OK  [0m] Created slice system-serial\x2dgetty.slice.
[[0;32m  OK  [0m] Reached target Mounting snaps.
[[0;32m  OK  [0m] Reached target Mounted snaps.
         Starting Journal Service...
         Mounting Huge Pages File System...
[[0;32m  OK  [0m] Mounted Kernel Debug File System.
[[0;32m  OK  [0m] Mounted POSIX Message Queue File System.
[[0;32m  OK  [0m] Started Load Kernel Modules.
[[0;32m  OK  [0m] Started Create list of required staâ€¦vice nodes for the current kernel.
[[0;32m  OK  [0m] Started Uncomplicated firewall.
[[0;32m  OK  [0m] Mounted Huge Pages File System.
[[0;32m  OK  [0m] Started File System Check on Root Device.
[[0;32m  OK  [0m] Started LVM2 metadata daemon.
         Starting Remount Root and Kernel File Systems...
[[0;32m  OK  [0m] Started File System Check Daemon to report status.
         Starting Create Static Device Nodes in /dev...
         Mounting Kernel Configuration File System...
         Mounting FUSE Control File System...
         Starting Apply Kernel Variables...
[[0;32m  OK  [0m] Mounted Kernel Configuration File System.
[[0;32m  OK  [0m] Mounted FUSE Control File System.
[[0;32m  OK  [0m] Started Journal Service.
[[0;32m  OK  [0m] Started Create Static Device Nodes in /dev.
[[0;32m  OK  [0m] Started udev Coldplug all Devices.
[[0;32m  OK  [0m] Started Remount Root and Kernel File Systems.
[[0;32m  OK  [0m] Started Apply Kernel Variables.
         Starting udev Kernel Device Manager...
         Starting Load/Save Random Seed...
         Starting Flush Journal to Persistent Storage...
[[0;32m  OK  [0m] Started Monitoring of LVM2 mirrors,â€¦sing dmeventd or progress polling.
[[0;32m  OK  [0m] Started Load/Save Random Seed.
[[0;32m  OK  [0m] Started udev Kernel Device Manager.
[[0;32m  OK  [0m] Started Flush Journal to Persistent Storage.
[[0;32m  OK  [0m] Found device /dev/ttyS0.
[[0;32m  OK  [0m] Listening on Load/Save RF Kill Switch Status /dev/rfkill Watch.
[[0;32m  OK  [0m] Started Set the console keyboard layout.
[[0;32m  OK  [0m] Started Dispatch Password Requests to Console Directory Watch.
[[0;32m  OK  [0m] Reached target Local Encrypted Volumes.
[[0;32m  OK  [0m] Reached target Local File Systems (Pre).
[[0;32m  OK  [0m] Reached target Local File Systems.
         Starting Create Volatile Files and Directories...
         Starting Commit a transient machine-id on disk...
         Starting Tell Plymouth To Write Out Runtime Data...
         Starting ebtables ruleset management...
         Starting Set console font and keymap...
         Starting AppArmor initialization...
[[0;32m  OK  [0m] Started Tell Plymouth To Write Out Runtime Data.
[[0;32m  OK  [0m] Started Create Volatile Files and Directories.
         Starting Update UTMP about System Boot/Shutdown...
[[0;32m  OK  [0m] Started Update UTMP about System Boot/Shutdown.
[[0;32m  OK  [0m] Started Commit a transient machine-id on disk.
[[0;32m  OK  [0m] Started ebtables ruleset management.
         Mounting Arbitrary Executable File Formats File System...
[[0;32m  OK  [0m] Mounted Arbitrary Executable File Formats File System.
[[0;32m  OK  [0m] Started AppArmor initialization.
         Starting Load AppArmor profiles managed internally by snapd...
         Starting Initial cloud-init job (pre-networking)...
[[0;32m  OK  [0m] Started Load AppArmor profiles managed internally by snapd.
[[0;32m  OK  [0m] Started Set console font and keymap.
[    9.359828] cloud-init[746]: Cloud-init v. 23.1.2-0ubuntu0~18.04.1 running 'init-local' at Thu, 03 Jul 2025 05:32:15 +0000. Up 8.93 seconds.
[[0;32m  OK  [0m] Started Initial cloud-init job (pre-networking).
[[0;32m  OK  [0m] Reached target Network (Pre).
         Starting Network Service...
[[0;32m  OK  [0m] Started Network Service.
         Starting Wait for Network to be Configured...
         Starting Network Name Resolution...
[[0;32m  OK  [0m] Started Network Name Resolution.
[[0;32m  OK  [0m] Reached target Network.
[[0;32m  OK  [0m] Reached target Host and Network Name Lookups.
[[0;32m  OK  [0m] Started Wait for Network to be Configured.
         Starting Initial cloud-init job (metadata service crawler)...
[   12.155871] cloud-init[873]: Cloud-init v. 23.1.2-0ubuntu0~18.04.1 running 'init' at Thu, 03 Jul 2025 05:32:18 +0000. Up 11.95 seconds.
[   12.157863] cloud-init[873]: ci-info: +++++++++++++++++++++++++++++++++++++++++++Net device info++++++++++++++++++++++++++++++++++++++++++++
[   12.159742] cloud-init[873]: ci-info: +--------+------+---------------------------------------+---------------+--------+-------------------+
[   12.161599] cloud-init[873]: ci-info: | Device |  Up  |                Address                |      Mask     | Scope  |     Hw-Address    |
[   12.163438] cloud-init[873]: ci-info: +--------+------+---------------------------------------+---------------+--------+-------------------+
[   12.165270] cloud-init[873]: ci-info: | enp0s3 | True |               10.0.2.15               | 255.255.255.0 | global | 02:3b:7b:b7:3b:2d |
[   12.167089] cloud-init[873]: ci-info: | enp0s3 | True | fd17:625c:f037:2:3b:7bff:feb7:3b2d/64 |       .       | global | 02:3b:7b:b7:3b:2d |
[   12.168934] cloud-init[873]: ci-info: | enp0s3 | True |       fe80::3b:7bff:feb7:3b2d/64      |       .       |  link  | 02:3b:7b:b7:3b:2d |
[   12.170747] cloud-init[873]: ci-info: |   lo   | True |               127.0.0.1               |   255.0.0.0   |  host  |         .         |
[   12.172538] cloud-init[873]: ci-info: |   lo   | True |                ::1/128                |       .       |  host  |         .         |
[   12.174355] cloud-init[873]: ci-info: +--------+------+---------------------------------------+---------------+--------+-------------------+
[   12.176207] cloud-init[873]: ci-info: ++++++++++++++++++++++++++++Route IPv4 info+++++++++++++++++++++++++++++
[   12.177697] cloud-init[873]: ci-info: +-------+-------------+----------+-----------------+-----------+-------+
[   12.179160] cloud-init[873]: ci-info: | Route | Destination | Gateway  |     Genmask     | Interface | Flags |
[   12.180693] cloud-init[873]: ci-info: +-------+-------------+----------+-----------------+-----------+-------+
[   12.182176] cloud-init[873]: ci-info: |   0   |   0.0.0.0   | 10.0.2.2 |     0.0.0.0     |   enp0s3  |   UG  |
[   12.183832] cloud-init[873]: ci-info: |   1   |   10.0.2.0  | 0.0.0.0  |  255.255.255.0  |   enp0s3  |   U   |
[   12.185351] cloud-init[873]: ci-info: |   2   |   10.0.2.2  | 0.0.0.0  | 255.255.255.255 |   enp0s3  |   UH  |
[   12.186822] cloud-init[873]: ci-info: +-------+-------------+----------+-----------------+-----------+-------+
[   12.188339] cloud-init[873]: ci-info: ++++++++++++++++++++++++Route IPv6 info++++++++++++++++++++++++
[   12.189721] cloud-init[873]: ci-info: +-------+-----------------------+---------+-----------+-------+
[   12.191100] cloud-init[873]: ci-info: | Route |      Destination      | Gateway | Interface | Flags |
[   12.192571] cloud-init[873]: ci-info: +-------+-----------------------+---------+-----------+-------+
[   12.193966] cloud-init[873]: ci-info: |   1   | fd17:625c:f037:2::/64 |    ::   |   enp0s3  |   U   |
[   12.195341] cloud-init[873]: ci-info: |   2   |       fe80::/64       |    ::   |   enp0s3  |   U   |
[   12.196731] cloud-init[873]: ci-info: |   3   |          ::/0         | fe80::2 |   enp0s3  |   UG  |
[   12.198091] cloud-init[873]: ci-info: |   5   |         local         |    ::   |   enp0s3  |   U   |
[   12.199519] cloud-init[873]: ci-info: |   6   |        ff00::/8       |    ::   |   enp0s3  |   U   |
[   12.200916] cloud-init[873]: ci-info: +-------+-----------------------+---------+-----------+-------+
[   12.955989] cloud-init[873]: Generating public/private rsa key pair.
[   12.959532] cloud-init[873]: Your identification has been saved in /etc/ssh/ssh_host_rsa_key.
[   12.961197] cloud-init[873]: Your public key has been saved in /etc/ssh/ssh_host_rsa_key.pub.
[   12.962634] cloud-init[873]: The key fingerprint is:
[   12.963477] cloud-init[873]: SHA256:lqJr+4qaUhiAbQxd1jNS/DteWFvdBMtpWvkbr6W34Ps root@ubuntu-bionic
[   12.964850] cloud-init[873]: The key's randomart image is:
[   12.966651] cloud-init[873]: +---[RSA 2048]----+
[   12.967610] cloud-init[873]: |o= .o+.       .. |
[   12.968792] cloud-init[873]: |o =.. =      . +.|
[   12.969498] cloud-init[873]: |..   . +     .Bo |
[   12.970331] cloud-init[873]: |.       ... .+...|
[   12.971212] cloud-init[873]: | o    . S+ o.  ..|
[   12.971871] cloud-init[873]: |. .  . o+ o     +|
[   12.972570] cloud-init[873]: | .  .  . o   . .o|
[   12.973306] cloud-init[873]: |.. ...  .   . .+.|
[   12.991059] cloud-init[873]: |+...++.      o=E.|
[   12.995297] cloud-init[873]: +----[SHA256]-----+
[   13.012360] cloud-init[873]: Generating public/private dsa key pair.
[   13.014334] cloud-init[873]: Your identification has been saved in /etc/ssh/ssh_host_dsa_key.
[   13.025277] cloud-init[873]: Your public key has been saved in /etc/ssh/ssh_host_dsa_key.pub.
[   13.028445] cloud-init[873]: The key fingerprint is:
[   13.029480] cloud-init[873]: SHA256:qDYS4/C9JBCzRPxblEgXJ5jr2XoX87QQH58L7owNFdY root@ubuntu-bionic
[   13.030848] cloud-init[873]: The key's randomart image is:
[   13.032215] cloud-init[873]: +---[DSA 1024]----+
[   13.034373] cloud-init[873]: |....++o.         |
[   13.035379] cloud-init[873]: |.. +.oo   .      |
[   13.036621] cloud-init[873]: |o.. o    o E     |
[   13.048456] cloud-init[873]: |.+ o . o...      |
[   13.051254] cloud-init[873]: |+ + = . S.o .    |
[   13.052146] cloud-init[873]: | = B o +.+ o     |
[   13.053129] cloud-init[873]: |  = B  .B o .    |
[   13.053986] cloud-init[873]: |   * + .=+ .     |
[   13.064431] cloud-init[873]: |    o ...+       |
[   13.065284] cloud-init[873]: +----[SHA256]-----+
[   13.066067] cloud-init[873]: Generating public/private ecdsa key pair.
[   13.066953] cloud-init[873]: Your identification has been saved in /etc/ssh/ssh_host_ecdsa_key.
[   13.068388] cloud-init[873]: Your public key has been saved in /etc/ssh/ssh_host_ecdsa_key.pub.
[   13.069393] cloud-init[873]: The key fingerprint is:
[   13.081694] cloud-init[873]: SHA256:IyUXQ3S5wUBEPhcCkeYYqy8JyLCl2FaClE83EXSjVV8 root@ubuntu-bionic
[[0;32m  OK  [0m[   13.083310] ] cloud-init[873]: The key's randomart image is:
Started Initial cloud-init job (metadata service crawler).
[[0;32m  OK  [0m] Reached target Cloud-config availability.
[[0;32m  OK  [0m] Reached target Network is Online.
[   13.083513] cloud-init[873]: +---[ECDSA 256]---+
[[0;32m  OK  [0m] Reached target Remote File Systems (Pre).
[[0;32m  OK  [0m] Reached target Remote File Systems.
         Starting Availability of block devices...
[[0;32m  OK  [0m] Reached target System Initialization.
[[0;32m  OK  [0m] Started Daily Cleanup of Temporary Directories.
         Starting LXD - unix socket.
[[0;32m  OK  [0m] Listening on UUID daemon activation socket.
[[0;32m  OK  [0m] Started Message of the Day.
[[0;32m  OK  [0m] Listening on D-Bus System Message Bus Socket.
[   13.130337] cloud-init[873]: |  . .+=&%+o. E   |
[   13.138193] cloud-init[873]: | o ..o*..==..    |
[[0;32m  OK  [0m] Started ACPI Events Check.
[[0;32m  OK  [0m] Started Ubuntu Advantage Timer for running repeated jobs.
[[0;32m  OK  [0m] Started Daily apt download activities.
[[0;32m  OK  [0m] Reached target Paths.
[[0;32m  OK  [0m] Listening on ACPID Listen Socket.
[[0;32m  OK  [0m] Listening on Open-iSCSI iscsid Socket.
[[0;32m  OK  [0m] Listening on cloud-init hotplug hook socket.
[[0;32m  OK  [0m] Started Discard unused blocks once a week.
         Starting Socket activation for snappy daemon.
[[0;32m  OK  [0m] Started Daily apt upgrade and clean activities.
[[0;32m  OK  [0m] Reached target Timers.
[   13.146982] cloud-init[873]: |..o .Bo = .+     |
[   13.148600] cloud-init[873]: |o o.+ .+ o.      |
[[0;32m  OK  [0m] Started Availability of block devices.
[   13.154376] cloud-init[873]: |== +  . S        |
[[0;32m  OK  [0m] Listening on LXD - unix socket.
[   13.156781] [cloud-init[0;32m  OK  [0m[873]: |*.+    . .       |
] Listening on Socket activation for snappy daemon.
[[0;32m  OK  [0m] Reached target Sockets.
[   13.159278] [cloud-init[0;32m  OK  [0m] Reached target Basic System.
[873]: | o o             |
[[0;32m  OK  [0m] Started FUSE filesystem for LXC.
[   13.161201] cloud-init[873]: |  o .            |
[   13.164493] cloud-init[873]: |   .             |
[   13.165705] cloud-init[873]: +----[SHA256]-----+
[   13.168318]          Starting Dispatcher daemon for systemd-networkd...
cloud-init[873]: Generating public/private ed25519 key pair.
[   13.170772] cloud-init[873]: Your identification has been saved in /etc/ssh/ssh_host_ed25519_key.
         Starting Login Service...
         Starting Accounts Service...
[   13.189430] cloud-init[873]: Your public key has been saved in /etc/ssh/ssh_host_ed25519_key.pub.
[   13.200462] cloud-init[873]: The key fingerprint is:
[   13.201442] cloud-init[873]: SHA256:8BbVuKtHQMfHVqeThxpNd1eJiWYzvXzGfIldKUkP7A4 root@ubuntu-bionic
[   13.204738] cloud-init[873]: The key's randomart image is:
[   13.205826] cloud-init[873]: +--[ED25519 256]--+
[   13.206721] cloud-init[873]: |         ..+=+* X|
[   13.220451] [[0;32m  OK  [0m] Started Regular background program processing daemon.
cloud-init[873]: |        ..+*=XoO+|
[   13.223915] cloud-init[873]: |      ....o+* &.+|
[   13.236432] cloud-init[873]: |       o...E B X.|
[   13.238431] cloud-init[873]: |        S. .+ o .|
[   13.240844] cloud-init[873]: |       .  o  .   |
[   13.241835] cloud-init[873]: |         o       |
[   13.242601] cloud-init[873]: |        . .      |
[   13.244291] cloud-init[873]: |         .       |
[   13.245960] cloud-init[873]: +----[SHA256]-----+
[[0;32m  OK  [0m] Started irqbalance daemon.
         Starting Snap Daemon...
         Starting System Logging Service...
         Starting Virtualbox guest utils...
[[0;32m  OK  [0m] Started D-Bus System Message Bus.
[[0;32m  OK  [0m] Started Login Service.
         Starting LSB: automatic crash report generation...
         Starting Pollinate to seed the pseudo random number generator...
         Starting LSB: Record successful boot for GRUB...
[[0;32m  OK  [0m] Started Unattended Upgrades Shutdown.
[[0;32m  OK  [0m] Started Deferred execution scheduler.
[[0;32m  OK  [0m] Reached target Login Prompts (Pre).
         Starting Permit User Sessions...
         Starting LXD - container startup/shutdown...
[[0;32m  OK  [0m] Started System Logging Service.
[[0;32m  OK  [0m] Started Permit User Sessions.
[[0;32m  OK  [0m] Started LSB: automatic crash report generation.
         Starting Authorization Manager...
         Starting Terminate Plymouth Boot Screen...
         Starting Hold until boot process finishes up...
         Starting Hostname Service...
[[0;32m  OK  [0m] Started Terminate Plymouth Boot Screen.
[[0;32m  OK  [0m] Started Hold until boot process finishes up.
         Starting Set console scheme...
[[0;32m  OK  [0m] Started Serial Getty on ttyS0.
[[0;32m  OK  [0m] Started Set console scheme.
[[0;32m  OK  [0m] Created slice system-getty.slice.
[[0;32m  OK  [0m] Started Getty on tty1.
[[0;32m  OK  [0m] Reached target Login Prompts.
[[0;32m  OK  [0m] Started Authorization Manager.
[[0;32m  OK  [0m] Started Accounts Service.
[[0;32m  OK  [0m] Started LXD - container startup/shutdown.
[[0;32m  OK  [0m] Started LSB: Record successful boot for GRUB.
[[0;32m  OK  [0m] Started Virtualbox guest utils.
[[0;32m  OK  [0m] Started Hostname Service.
[[0;32m  OK  [0m] Started Dispatcher daemon for systemd-networkd.
[[0;32m  OK  [0m] Started Snap Daemon.
         Starting Wait until snapd is fully seeded...
[[0;32m  OK  [0m] Started Pollinate to seed the pseudo random number generator.
         Starting OpenBSD Secure Shell server...
[[0;32m  OK  [0m] Started OpenBSD Secure Shell server.
[[0;32m  OK  [0m] Created slice User Slice of vagrant.
         Starting User Manager for UID 1000...
[[0;32m  OK  [0m] Started Session 1 of user vagrant.
[[0;32m  OK  [0m] Started User Manager for UID 1000.
         Starting Time & Date Service...
[[0;32m  OK  [0m] Started Time & Date Service.
[[0;32m  OK  [0m] Started Wait until snapd is fully seeded.
         Starting Apply the settings specified in cloud-config...
[   18.704493] cloud-init[1476]: Cloud-init v. 23.1.2-0ubuntu0~18.04.1 running 'modules:config' at Thu, 03 Jul 2025 05:32:24 +0000. Up 18.20 seconds.
[[0;32m  OK  [0m] Started Apply the settings specified in cloud-config.
[[0;32m  OK  [0m] Reached target Multi-User System.
[[0;32m  OK  [0m] Reached target Graphical Interface.
         Starting Execute cloud user/final scripts...
         Starting Update UTMP about System Runlevel Changes...
[[0;32m  OK  [0m] Started Update UTMP about System Runlevel Changes.
ci-info: no authorized SSH keys fingerprints found for user ubuntu.
<14>Jul  3 05:32:26 cloud-init: #############################################################
<14>Jul  3 05:32:26 cloud-init: -----BEGIN SSH HOST KEY FINGERPRINTS-----
<14>Jul  3 05:32:26 cloud-init: 1024 SHA256:qDYS4/C9JBCzRPxblEgXJ5jr2XoX87QQH58L7owNFdY root@ubuntu-bionic (DSA)
<14>Jul  3 05:32:26 cloud-init: 256 SHA256:IyUXQ3S5wUBEPhcCkeYYqy8JyLCl2FaClE83EXSjVV8 root@ubuntu-bionic (ECDSA)
<14>Jul  3 05:32:26 cloud-init: 256 SHA256:8BbVuKtHQMfHVqeThxpNd1eJiWYzvXzGfIldKUkP7A4 root@ubuntu-bionic (ED25519)
<14>Jul  3 05:32:26 cloud-init: 2048 SHA256:lqJr+4qaUhiAbQxd1jNS/DteWFvdBMtpWvkbr6W34Ps root@ubuntu-bionic (RSA)
<14>Jul  3 05:32:26 cloud-init: -----END SSH HOST KEY FINGERPRINTS-----
<14>Jul  3 05:32:26 cloud-init: #############################################################
-----BEGIN SSH HOST KEY KEYS-----
ecdsa-sha2-nistp256 AAAAE2VjZHNhLXNoYTItbmlzdHAyNTYAAAAIbmlzdHAyNTYAAABBBG28f7C3r/ZuZo5QRjCHsnkkZgwjo6ivu8f/+yuxlqW618xmTieMsIC9/IuA2Zdx6d857ssGHYjZFE61NOkH/AA= root@ubuntu-bionic
ssh-ed25519 AAAAC3NzaC1lZDI1NTE5AAAAIHkVxUqi3dZJxmT5p16gxgX/oirdulJJNWw9I/KGkUsd root@ubuntu-bionic
ssh-rsa AAAAB3NzaC1yc2EAAAADAQABAAABAQC5sxBWeCN+Ys1/e7Pf8KvFRzVv4pdqQrXsTaaatA8RJJfP0C5vWIG2QBiyIigNPB8AMfORHZ5SgoXHi7Ccm0xlj2oDqgXFX0trjTsVrHSgcJv3AiVhFBZ3Ska/aAD4ZxfPcMJ7Peo9RnXgllXD1djaw7lKp0QtxlqtscRTHiR/RGRHWZEfz2VuW/aLq/DQTRYUruwWgXPgYiJJBkuXM+K8hjTslfhzCgpAVylcTn4EOE2m1zKPmJDtnjULsN/5j469Wr+HV8wPPCfD67Z+jsXxPdlkampsJ0k+5cmL2LNm3ImUHfDILgswpNkH6KBDAidw5GXtP0UI4qkEtege2BL/ root@ubuntu-bionic
-----END SSH HOST KEY KEYS-----
[   19.815306] cloud-init[1603]: Cloud-init v. 23.1.2-0ubuntu0~18.04.1 running 'modules:final' at Thu, 03 Jul 2025 05:32:26 +0000. Up 19.53 seconds.
[   19.815490] cloud-init[1603]: Cloud-init v. 23.1.2-0ubuntu0~18.04.1 finished at Thu, 03 Jul 2025 05:32:26 +0000. Datasource DataSourceNoCloud [seed=/dev/sdb][dsmode=net].  Up 19.80 seconds

Ubuntu 18.04.6 LTS ubuntu-bionic ttyS0

ubuntu-bionic login: 